===== retry groundingdino Thu May  7 08:53:43 CST 2026 =====
torch 2.11.0+cu128 cuda 12.8 available True
cuda home env ok
Looking in indexes: https://mirror.nju.edu.cn/pypi/web/simple
Obtaining file:///root/autodl-tmp/Image_Analysis_Workflow/Grounded-Segment-Anything/segment_anything
  Checking if build backend supports build_editable: started
  Checking if build backend supports build_editable: finished with status 'done'
  Preparing editable metadata (pyproject.toml): started
  Preparing editable metadata (pyproject.toml): finished with status 'done'
Building wheels for collected packages: segment_anything
  Building editable for segment_anything (pyproject.toml): started
  Building editable for segment_anything (pyproject.toml): finished with status 'done'
  Created wheel for segment_anything: filename=segment_anything-1.0-0.editable-py3-none-any.whl size=9545 sha256=615f252b83c3954e090b1a6a5af2b1de768a32bc1b4d37eb72fec4cb3f50720a
  Stored in directory: /tmp/pip-ephem-wheel-cache-mc_oy14d/wheels/f0/a0/9b/2b096144d32cc3fb1dfd7ca67655531019a4b0c39701996d0a
Successfully built segment_anything
Installing collected packages: segment_anything
  Attempting uninstall: segment_anything
    Found existing installation: segment_anything 1.0
    Uninstalling segment_anything-1.0:
      Successfully uninstalled segment_anything-1.0
Successfully installed segment_anything-1.0
WARNING: Running pip as the 'root' user can result in broken permissions and conflicting behaviour with the system package manager, possibly rendering your system unusable. It is recommended to use a virtual environment instead: https://pip.pypa.io/warnings/venv. Use the --root-user-action option if you know what you are doing and want to suppress this warning.
Using pip 26.1.1 from /root/autodl-tmp/conda_envs/image_analysis/lib/python3.10/site-packages/pip (python 3.10)
Looking in indexes: https://mirror.nju.edu.cn/pypi/web/simple
Obtaining file:///root/autodl-tmp/Image_Analysis_Workflow/Grounded-Segment-Anything/GroundingDINO
  Checking if build backend supports build_editable: started
  Running command Checking if build backend supports build_editable
  Checking if build backend supports build_editable: finished with status 'done'
  Preparing editable metadata (pyproject.toml): started
  Running command Preparing editable metadata (pyproject.toml)
  fatal: not a git repository (or any parent up to mount point /root)
  Stopping at filesystem boundary (GIT_DISCOVERY_ACROSS_FILESYSTEM not set).
  Building wheel groundingdino-0.1.0
  Compiling with CUDA
  running dist_info
  creating /tmp/pip-modern-metadata-86bvzw1l/groundingdino.egg-info
  writing /tmp/pip-modern-metadata-86bvzw1l/groundingdino.egg-info/PKG-INFO
  writing dependency_links to /tmp/pip-modern-metadata-86bvzw1l/groundingdino.egg-info/dependency_links.txt
  writing requirements to /tmp/pip-modern-metadata-86bvzw1l/groundingdino.egg-info/requires.txt
  writing top-level names to /tmp/pip-modern-metadata-86bvzw1l/groundingdino.egg-info/top_level.txt
  writing manifest file '/tmp/pip-modern-metadata-86bvzw1l/groundingdino.egg-info/SOURCES.txt'
  reading manifest file '/tmp/pip-modern-metadata-86bvzw1l/groundingdino.egg-info/SOURCES.txt'
  adding license file 'LICENSE'
  writing manifest file '/tmp/pip-modern-metadata-86bvzw1l/groundingdino.egg-info/SOURCES.txt'
  creating '/tmp/pip-modern-metadata-86bvzw1l/groundingdino-0.1.0.dist-info'
  Preparing editable metadata (pyproject.toml): finished with status 'done'
Requirement already satisfied: torch in /root/autodl-tmp/conda_envs/image_analysis/lib/python3.10/site-packages (from groundingdino==0.1.0) (2.11.0+cu128)
Requirement already satisfied: torchvision in /root/autodl-tmp/conda_envs/image_analysis/lib/python3.10/site-packages (from groundingdino==0.1.0) (0.26.0+cu128)
Requirement already satisfied: transformers in /root/autodl-tmp/conda_envs/image_analysis/lib/python3.10/site-packages (from groundingdino==0.1.0) (5.8.0)
Requirement already satisfied: addict in /root/autodl-tmp/conda_envs/image_analysis/lib/python3.10/site-packages (from groundingdino==0.1.0) (2.4.0)
Requirement already satisfied: yapf in /root/autodl-tmp/conda_envs/image_analysis/lib/python3.10/site-packages (from groundingdino==0.1.0) (0.43.0)
Requirement already satisfied: timm in /root/autodl-tmp/conda_envs/image_analysis/lib/python3.10/site-packages (from groundingdino==0.1.0) (1.0.26)
Requirement already satisfied: numpy in /root/autodl-tmp/conda_envs/image_analysis/lib/python3.10/site-packages (from groundingdino==0.1.0) (2.2.3)
Requirement already satisfied: opencv-python in /root/autodl-tmp/conda_envs/image_analysis/lib/python3.10/site-packages (from groundingdino==0.1.0) (4.13.0.92)
Requirement already satisfied: supervision in /root/autodl-tmp/conda_envs/image_analysis/lib/python3.10/site-packages (from groundingdino==0.1.0) (0.28.0)
Requirement already satisfied: pycocotools in /root/autodl-tmp/conda_envs/image_analysis/lib/python3.10/site-packages (from groundingdino==0.1.0) (2.0.11)
Requirement already satisfied: defusedxml>=0.7.1 in /root/autodl-tmp/conda_envs/image_analysis/lib/python3.10/site-packages (from supervision->groundingdino==0.1.0) (0.7.1)
Requirement already satisfied: matplotlib>=3.6 in /root/autodl-tmp/conda_envs/image_analysis/lib/python3.10/site-packages (from supervision->groundingdino==0.1.0) (3.10.9)
Requirement already satisfied: pillow>=9.4 in /root/autodl-tmp/conda_envs/image_analysis/lib/python3.10/site-packages (from supervision->groundingdino==0.1.0) (11.1.0)
Requirement already satisfied: pydeprecate<0.8,>=0.7 in /root/autodl-tmp/conda_envs/image_analysis/lib/python3.10/site-packages (from supervision->groundingdino==0.1.0) (0.7.0)
Requirement already satisfied: pyyaml>=5.3 in /root/autodl-tmp/conda_envs/image_analysis/lib/python3.10/site-packages (from supervision->groundingdino==0.1.0) (6.0.2)
Requirement already satisfied: requests>=2.26 in /root/autodl-tmp/conda_envs/image_analysis/lib/python3.10/site-packages (from supervision->groundingdino==0.1.0) (2.32.3)
Requirement already satisfied: scipy>=1.10 in /root/autodl-tmp/conda_envs/image_analysis/lib/python3.10/site-packages (from supervision->groundingdino==0.1.0) (1.15.3)
Requirement already satisfied: tqdm>=4.62.3 in /root/autodl-tmp/conda_envs/image_analysis/lib/python3.10/site-packages (from supervision->groundingdino==0.1.0) (4.67.1)
Requirement already satisfied: contourpy>=1.0.1 in /root/autodl-tmp/conda_envs/image_analysis/lib/python3.10/site-packages (from matplotlib>=3.6->supervision->groundingdino==0.1.0) (1.3.2)
Requirement already satisfied: cycler>=0.10 in /root/autodl-tmp/conda_envs/image_analysis/lib/python3.10/site-packages (from matplotlib>=3.6->supervision->groundingdino==0.1.0) (0.12.1)
Requirement already satisfied: fonttools>=4.22.0 in /root/autodl-tmp/conda_envs/image_analysis/lib/python3.10/site-packages (from matplotlib>=3.6->supervision->groundingdino==0.1.0) (4.62.1)
Requirement already satisfied: kiwisolver>=1.3.1 in /root/autodl-tmp/conda_envs/image_analysis/lib/python3.10/site-packages (from matplotlib>=3.6->supervision->groundingdino==0.1.0) (1.5.0)
Requirement already satisfied: packaging>=20.0 in /root/autodl-tmp/conda_envs/image_analysis/lib/python3.10/site-packages (from matplotlib>=3.6->supervision->groundingdino==0.1.0) (24.2)
Requirement already satisfied: pyparsing>=3 in /root/autodl-tmp/conda_envs/image_analysis/lib/python3.10/site-packages (from matplotlib>=3.6->supervision->groundingdino==0.1.0) (3.3.2)
Requirement already satisfied: python-dateutil>=2.7 in /root/autodl-tmp/conda_envs/image_analysis/lib/python3.10/site-packages (from matplotlib>=3.6->supervision->groundingdino==0.1.0) (2.9.0.post0)
Requirement already satisfied: six>=1.5 in /root/autodl-tmp/conda_envs/image_analysis/lib/python3.10/site-packages (from python-dateutil>=2.7->matplotlib>=3.6->supervision->groundingdino==0.1.0) (1.17.0)
Requirement already satisfied: charset-normalizer<4,>=2 in /root/autodl-tmp/conda_envs/image_analysis/lib/python3.10/site-packages (from requests>=2.26->supervision->groundingdino==0.1.0) (3.4.1)
Requirement already satisfied: idna<4,>=2.5 in /root/autodl-tmp/conda_envs/image_analysis/lib/python3.10/site-packages (from requests>=2.26->supervision->groundingdino==0.1.0) (3.10)
Requirement already satisfied: urllib3<3,>=1.21.1 in /root/autodl-tmp/conda_envs/image_analysis/lib/python3.10/site-packages (from requests>=2.26->supervision->groundingdino==0.1.0) (2.3.0)
Requirement already satisfied: certifi>=2017.4.17 in /root/autodl-tmp/conda_envs/image_analysis/lib/python3.10/site-packages (from requests>=2.26->supervision->groundingdino==0.1.0) (2025.1.31)
Requirement already satisfied: huggingface_hub in /root/autodl-tmp/conda_envs/image_analysis/lib/python3.10/site-packages (from timm->groundingdino==0.1.0) (1.14.0)
Requirement already satisfied: safetensors in /root/autodl-tmp/conda_envs/image_analysis/lib/python3.10/site-packages (from timm->groundingdino==0.1.0) (0.8.0rc0)
Requirement already satisfied: filelock>=3.10.0 in /root/autodl-tmp/conda_envs/image_analysis/lib/python3.10/site-packages (from huggingface_hub->timm->groundingdino==0.1.0) (3.17.0)
Requirement already satisfied: fsspec>=2023.5.0 in /root/autodl-tmp/conda_envs/image_analysis/lib/python3.10/site-packages (from huggingface_hub->timm->groundingdino==0.1.0) (2024.12.0)
Requirement already satisfied: hf-xet<2.0.0,>=1.4.3 in /root/autodl-tmp/conda_envs/image_analysis/lib/python3.10/site-packages (from huggingface_hub->timm->groundingdino==0.1.0) (1.5.0)
Requirement already satisfied: httpx<1,>=0.23.0 in /root/autodl-tmp/conda_envs/image_analysis/lib/python3.10/site-packages (from huggingface_hub->timm->groundingdino==0.1.0) (0.28.1)
Requirement already satisfied: typer>=0.20.0 in /root/autodl-tmp/conda_envs/image_analysis/lib/python3.10/site-packages (from huggingface_hub->timm->groundingdino==0.1.0) (0.25.1)
Requirement already satisfied: typing-extensions>=4.1.0 in /root/autodl-tmp/conda_envs/image_analysis/lib/python3.10/site-packages (from huggingface_hub->timm->groundingdino==0.1.0) (4.15.0)
Requirement already satisfied: anyio in /root/autodl-tmp/conda_envs/image_analysis/lib/python3.10/site-packages (from httpx<1,>=0.23.0->huggingface_hub->timm->groundingdino==0.1.0) (4.8.0)
Requirement already satisfied: httpcore==1.* in /root/autodl-tmp/conda_envs/image_analysis/lib/python3.10/site-packages (from httpx<1,>=0.23.0->huggingface_hub->timm->groundingdino==0.1.0) (1.0.9)
Requirement already satisfied: h11>=0.16 in /root/autodl-tmp/conda_envs/image_analysis/lib/python3.10/site-packages (from httpcore==1.*->httpx<1,>=0.23.0->huggingface_hub->timm->groundingdino==0.1.0) (0.16.0)
Requirement already satisfied: click>=8.2.1 in /root/autodl-tmp/conda_envs/image_analysis/lib/python3.10/site-packages (from typer>=0.20.0->huggingface_hub->timm->groundingdino==0.1.0) (8.3.3)
Requirement already satisfied: shellingham>=1.3.0 in /root/autodl-tmp/conda_envs/image_analysis/lib/python3.10/site-packages (from typer>=0.20.0->huggingface_hub->timm->groundingdino==0.1.0) (1.5.4)
Requirement already satisfied: rich>=13.8.0 in /root/autodl-tmp/conda_envs/image_analysis/lib/python3.10/site-packages (from typer>=0.20.0->huggingface_hub->timm->groundingdino==0.1.0) (13.9.4)
Requirement already satisfied: annotated-doc>=0.0.2 in /root/autodl-tmp/conda_envs/image_analysis/lib/python3.10/site-packages (from typer>=0.20.0->huggingface_hub->timm->groundingdino==0.1.0) (0.0.4)
Requirement already satisfied: markdown-it-py>=2.2.0 in /root/autodl-tmp/conda_envs/image_analysis/lib/python3.10/site-packages (from rich>=13.8.0->typer>=0.20.0->huggingface_hub->timm->groundingdino==0.1.0) (3.0.0)
Requirement already satisfied: pygments<3.0.0,>=2.13.0 in /root/autodl-tmp/conda_envs/image_analysis/lib/python3.10/site-packages (from rich>=13.8.0->typer>=0.20.0->huggingface_hub->timm->groundingdino==0.1.0) (2.19.1)
Requirement already satisfied: mdurl~=0.1 in /root/autodl-tmp/conda_envs/image_analysis/lib/python3.10/site-packages (from markdown-it-py>=2.2.0->rich>=13.8.0->typer>=0.20.0->huggingface_hub->timm->groundingdino==0.1.0) (0.1.2)
Requirement already satisfied: exceptiongroup>=1.0.2 in /root/autodl-tmp/conda_envs/image_analysis/lib/python3.10/site-packages (from anyio->httpx<1,>=0.23.0->huggingface_hub->timm->groundingdino==0.1.0) (1.2.2)
Requirement already satisfied: sniffio>=1.1 in /root/autodl-tmp/conda_envs/image_analysis/lib/python3.10/site-packages (from anyio->httpx<1,>=0.23.0->huggingface_hub->timm->groundingdino==0.1.0) (1.3.1)
Requirement already satisfied: setuptools<82 in /root/autodl-tmp/conda_envs/image_analysis/lib/python3.10/site-packages (from torch->groundingdino==0.1.0) (75.8.0)
Requirement already satisfied: sympy>=1.13.3 in /root/autodl-tmp/conda_envs/image_analysis/lib/python3.10/site-packages (from torch->groundingdino==0.1.0) (1.14.0)
Requirement already satisfied: networkx>=2.5.1 in /root/autodl-tmp/conda_envs/image_analysis/lib/python3.10/site-packages (from torch->groundingdino==0.1.0) (3.4.2)
Requirement already satisfied: jinja2 in /root/autodl-tmp/conda_envs/image_analysis/lib/python3.10/site-packages (from torch->groundingdino==0.1.0) (3.1.6)
Requirement already satisfied: cuda-toolkit==12.8.1 in /root/autodl-tmp/conda_envs/image_analysis/lib/python3.10/site-packages (from cuda-toolkit[cublas,cudart,cufft,cufile,cupti,curand,cusolver,cusparse,nvjitlink,nvrtc,nvtx]==12.8.1; platform_system == "Linux"->torch->groundingdino==0.1.0) (12.8.1)
Requirement already satisfied: cuda-bindings<13,>=12.9.4 in /root/autodl-tmp/conda_envs/image_analysis/lib/python3.10/site-packages (from torch->groundingdino==0.1.0) (12.9.4)
Requirement already satisfied: nvidia-cudnn-cu12==9.19.0.56 in /root/autodl-tmp/conda_envs/image_analysis/lib/python3.10/site-packages (from torch->groundingdino==0.1.0) (9.19.0.56)
Requirement already satisfied: nvidia-cusparselt-cu12==0.7.1 in /root/autodl-tmp/conda_envs/image_analysis/lib/python3.10/site-packages (from torch->groundingdino==0.1.0) (0.7.1)
Requirement already satisfied: nvidia-nccl-cu12==2.28.9 in /root/autodl-tmp/conda_envs/image_analysis/lib/python3.10/site-packages (from torch->groundingdino==0.1.0) (2.28.9)
Requirement already satisfied: nvidia-nvshmem-cu12==3.4.5 in /root/autodl-tmp/conda_envs/image_analysis/lib/python3.10/site-packages (from torch->groundingdino==0.1.0) (3.4.5)
Requirement already satisfied: triton==3.6.0 in /root/autodl-tmp/conda_envs/image_analysis/lib/python3.10/site-packages (from torch->groundingdino==0.1.0) (3.6.0)
Requirement already satisfied: nvidia-cufile-cu12==1.13.1.3.* in /root/autodl-tmp/conda_envs/image_analysis/lib/python3.10/site-packages (from cuda-toolkit[cublas,cudart,cufft,cufile,cupti,curand,cusolver,cusparse,nvjitlink,nvrtc,nvtx]==12.8.1; platform_system == "Linux"->torch->groundingdino==0.1.0) (1.13.1.3)
Requirement already satisfied: nvidia-cusolver-cu12==11.7.3.90.* in /root/autodl-tmp/conda_envs/image_analysis/lib/python3.10/site-packages (from cuda-toolkit[cublas,cudart,cufft,cufile,cupti,curand,cusolver,cusparse,nvjitlink,nvrtc,nvtx]==12.8.1; platform_system == "Linux"->torch->groundingdino==0.1.0) (11.7.3.90)
Requirement already satisfied: nvidia-cusparse-cu12==12.5.8.93.* in /root/autodl-tmp/conda_envs/image_analysis/lib/python3.10/site-packages (from cuda-toolkit[cublas,cudart,cufft,cufile,cupti,curand,cusolver,cusparse,nvjitlink,nvrtc,nvtx]==12.8.1; platform_system == "Linux"->torch->groundingdino==0.1.0) (12.5.8.93)
Requirement already satisfied: nvidia-nvtx-cu12==12.8.90.* in /root/autodl-tmp/conda_envs/image_analysis/lib/python3.10/site-packages (from cuda-toolkit[cublas,cudart,cufft,cufile,cupti,curand,cusolver,cusparse,nvjitlink,nvrtc,nvtx]==12.8.1; platform_system == "Linux"->torch->groundingdino==0.1.0) (12.8.90)
Requirement already satisfied: nvidia-cufft-cu12==11.3.3.83.* in /root/autodl-tmp/conda_envs/image_analysis/lib/python3.10/site-packages (from cuda-toolkit[cublas,cudart,cufft,cufile,cupti,curand,cusolver,cusparse,nvjitlink,nvrtc,nvtx]==12.8.1; platform_system == "Linux"->torch->groundingdino==0.1.0) (11.3.3.83)
Requirement already satisfied: nvidia-cublas-cu12==12.8.4.1.* in /root/autodl-tmp/conda_envs/image_analysis/lib/python3.10/site-packages (from cuda-toolkit[cublas,cudart,cufft,cufile,cupti,curand,cusolver,cusparse,nvjitlink,nvrtc,nvtx]==12.8.1; platform_system == "Linux"->torch->groundingdino==0.1.0) (12.8.4.1)
Requirement already satisfied: nvidia-cuda-runtime-cu12==12.8.90.* in /root/autodl-tmp/conda_envs/image_analysis/lib/python3.10/site-packages (from cuda-toolkit[cublas,cudart,cufft,cufile,cupti,curand,cusolver,cusparse,nvjitlink,nvrtc,nvtx]==12.8.1; platform_system == "Linux"->torch->groundingdino==0.1.0) (12.8.90)
Requirement already satisfied: nvidia-cuda-nvrtc-cu12==12.8.93.* in /root/autodl-tmp/conda_envs/image_analysis/lib/python3.10/site-packages (from cuda-toolkit[cublas,cudart,cufft,cufile,cupti,curand,cusolver,cusparse,nvjitlink,nvrtc,nvtx]==12.8.1; platform_system == "Linux"->torch->groundingdino==0.1.0) (12.8.93)
Requirement already satisfied: nvidia-curand-cu12==10.3.9.90.* in /root/autodl-tmp/conda_envs/image_analysis/lib/python3.10/site-packages (from cuda-toolkit[cublas,cudart,cufft,cufile,cupti,curand,cusolver,cusparse,nvjitlink,nvrtc,nvtx]==12.8.1; platform_system == "Linux"->torch->groundingdino==0.1.0) (10.3.9.90)
Requirement already satisfied: nvidia-nvjitlink-cu12==12.8.93.* in /root/autodl-tmp/conda_envs/image_analysis/lib/python3.10/site-packages (from cuda-toolkit[cublas,cudart,cufft,cufile,cupti,curand,cusolver,cusparse,nvjitlink,nvrtc,nvtx]==12.8.1; platform_system == "Linux"->torch->groundingdino==0.1.0) (12.8.93)
Requirement already satisfied: nvidia-cuda-cupti-cu12==12.8.90.* in /root/autodl-tmp/conda_envs/image_analysis/lib/python3.10/site-packages (from cuda-toolkit[cublas,cudart,cufft,cufile,cupti,curand,cusolver,cusparse,nvjitlink,nvrtc,nvtx]==12.8.1; platform_system == "Linux"->torch->groundingdino==0.1.0) (12.8.90)
Requirement already satisfied: cuda-pathfinder~=1.1 in /root/autodl-tmp/conda_envs/image_analysis/lib/python3.10/site-packages (from cuda-bindings<13,>=12.9.4->torch->groundingdino==0.1.0) (1.2.2)
Requirement already satisfied: mpmath<1.4,>=1.1.0 in /root/autodl-tmp/conda_envs/image_analysis/lib/python3.10/site-packages (from sympy>=1.13.3->torch->groundingdino==0.1.0) (1.3.0)
Requirement already satisfied: MarkupSafe>=2.0 in /root/autodl-tmp/conda_envs/image_analysis/lib/python3.10/site-packages (from jinja2->torch->groundingdino==0.1.0) (3.0.2)
Requirement already satisfied: regex>=2025.10.22 in /root/autodl-tmp/conda_envs/image_analysis/lib/python3.10/site-packages (from transformers->groundingdino==0.1.0) (2026.4.4)
Requirement already satisfied: tokenizers<=0.23.0,>=0.22.0 in /root/autodl-tmp/conda_envs/image_analysis/lib/python3.10/site-packages (from transformers->groundingdino==0.1.0) (0.22.2)
Requirement already satisfied: platformdirs>=3.5.1 in /root/autodl-tmp/conda_envs/image_analysis/lib/python3.10/site-packages (from yapf->groundingdino==0.1.0) (4.9.6)
Requirement already satisfied: tomli>=2.0.1 in /root/autodl-tmp/conda_envs/image_analysis/lib/python3.10/site-packages (from yapf->groundingdino==0.1.0) (2.4.1)
Building wheels for collected packages: groundingdino
  Building editable for groundingdino (pyproject.toml): started
  Running command Building editable for groundingdino (pyproject.toml)
  fatal: not a git repository (or any parent up to mount point /root)
  Stopping at filesystem boundary (GIT_DISCOVERY_ACROSS_FILESYSTEM not set).
  Building wheel groundingdino-0.1.0
  Compiling with CUDA
  running editable_wheel
  creating /tmp/pip-ephem-wheel-cache-f0_872wy/wheels/3d/06/0d/b8ad4437ab39b31a746ec8f9a9ddba2d1fd46ca5755880f54a/tmpa67hxz1g/.tmp-yggtxjsy/groundingdino.egg-info
  writing /tmp/pip-ephem-wheel-cache-f0_872wy/wheels/3d/06/0d/b8ad4437ab39b31a746ec8f9a9ddba2d1fd46ca5755880f54a/tmpa67hxz1g/.tmp-yggtxjsy/groundingdino.egg-info/PKG-INFO
  writing dependency_links to /tmp/pip-ephem-wheel-cache-f0_872wy/wheels/3d/06/0d/b8ad4437ab39b31a746ec8f9a9ddba2d1fd46ca5755880f54a/tmpa67hxz1g/.tmp-yggtxjsy/groundingdino.egg-info/dependency_links.txt
  writing requirements to /tmp/pip-ephem-wheel-cache-f0_872wy/wheels/3d/06/0d/b8ad4437ab39b31a746ec8f9a9ddba2d1fd46ca5755880f54a/tmpa67hxz1g/.tmp-yggtxjsy/groundingdino.egg-info/requires.txt
  writing top-level names to /tmp/pip-ephem-wheel-cache-f0_872wy/wheels/3d/06/0d/b8ad4437ab39b31a746ec8f9a9ddba2d1fd46ca5755880f54a/tmpa67hxz1g/.tmp-yggtxjsy/groundingdino.egg-info/top_level.txt
  writing manifest file '/tmp/pip-ephem-wheel-cache-f0_872wy/wheels/3d/06/0d/b8ad4437ab39b31a746ec8f9a9ddba2d1fd46ca5755880f54a/tmpa67hxz1g/.tmp-yggtxjsy/groundingdino.egg-info/SOURCES.txt'
  reading manifest file '/tmp/pip-ephem-wheel-cache-f0_872wy/wheels/3d/06/0d/b8ad4437ab39b31a746ec8f9a9ddba2d1fd46ca5755880f54a/tmpa67hxz1g/.tmp-yggtxjsy/groundingdino.egg-info/SOURCES.txt'
  adding license file 'LICENSE'
  writing manifest file '/tmp/pip-ephem-wheel-cache-f0_872wy/wheels/3d/06/0d/b8ad4437ab39b31a746ec8f9a9ddba2d1fd46ca5755880f54a/tmpa67hxz1g/.tmp-yggtxjsy/groundingdino.egg-info/SOURCES.txt'
  creating '/tmp/pip-ephem-wheel-cache-f0_872wy/wheels/3d/06/0d/b8ad4437ab39b31a746ec8f9a9ddba2d1fd46ca5755880f54a/tmpa67hxz1g/.tmp-yggtxjsy/groundingdino-0.1.0.dist-info'
  creating /tmp/pip-ephem-wheel-cache-f0_872wy/wheels/3d/06/0d/b8ad4437ab39b31a746ec8f9a9ddba2d1fd46ca5755880f54a/tmpa67hxz1g/.tmp-yggtxjsy/groundingdino-0.1.0.dist-info/WHEEL
  running build_py
  running build_ext
  building 'groundingdino._C' extension
  creating /tmp/tmpptaq3rnd.build-temp/root/autodl-tmp/Image_Analysis_Workflow/Grounded-Segment-Anything/GroundingDINO/groundingdino/models/GroundingDINO/csrc/MsDeformAttn
  [1/4] /usr/local/cuda-12.8/bin/nvcc -MD -MF /tmp/tmpptaq3rnd.build-temp/root/autodl-tmp/Image_Analysis_Workflow/Grounded-Segment-Anything/GroundingDINO/groundingdino/models/GroundingDINO/csrc/cuda_version.o.d -DWITH_CUDA -I/root/autodl-tmp/Image_Analysis_Workflow/Grounded-Segment-Anything/GroundingDINO/groundingdino/models/GroundingDINO/csrc -I/root/autodl-tmp/conda_envs/image_analysis/lib/python3.10/site-packages/torch/include -I/root/autodl-tmp/conda_envs/image_analysis/lib/python3.10/site-packages/torch/include/torch/csrc/api/include -I/usr/local/cuda-12.8/include -I/root/autodl-tmp/conda_envs/image_analysis/include/python3.10 -c -c /root/autodl-tmp/Image_Analysis_Workflow/Grounded-Segment-Anything/GroundingDINO/groundingdino/models/GroundingDINO/csrc/cuda_version.cu -o /tmp/tmpptaq3rnd.build-temp/root/autodl-tmp/Image_Analysis_Workflow/Grounded-Segment-Anything/GroundingDINO/groundingdino/models/GroundingDINO/csrc/cuda_version.o -D__CUDA_NO_HALF_OPERATORS__ -D__CUDA_NO_HALF_CONVERSIONS__ -D__CUDA_NO_BFLOAT16_CONVERSIONS__ -D__CUDA_NO_HALF2_OPERATORS__ --expt-relaxed-constexpr --compiler-options ''"'"'-fPIC'"'"'' -DCUDA_HAS_FP16=1 -D__CUDA_NO_HALF_OPERATORS__ -D__CUDA_NO_HALF_CONVERSIONS__ -D__CUDA_NO_HALF2_OPERATORS__ -DTORCH_API_INCLUDE_EXTENSION_H -DTORCH_EXTENSION_NAME=_C -gencode=arch=compute_120,code=compute_120 -gencode=arch=compute_120,code=sm_120 -std=c++17
  [2/4] c++ -MMD -MF /tmp/tmpptaq3rnd.build-temp/root/autodl-tmp/Image_Analysis_Workflow/Grounded-Segment-Anything/GroundingDINO/groundingdino/models/GroundingDINO/csrc/MsDeformAttn/ms_deform_attn_cpu.o.d -pthread -B /root/autodl-tmp/conda_envs/image_analysis/compiler_compat -Wno-unused-result -Wsign-compare -DNDEBUG -fwrapv -O2 -Wall -fPIC -O2 -isystem /root/autodl-tmp/conda_envs/image_analysis/include -fPIC -O2 -isystem /root/autodl-tmp/conda_envs/image_analysis/include -fPIC -DWITH_CUDA -I/root/autodl-tmp/Image_Analysis_Workflow/Grounded-Segment-Anything/GroundingDINO/groundingdino/models/GroundingDINO/csrc -I/root/autodl-tmp/conda_envs/image_analysis/lib/python3.10/site-packages/torch/include -I/root/autodl-tmp/conda_envs/image_analysis/lib/python3.10/site-packages/torch/include/torch/csrc/api/include -I/usr/local/cuda-12.8/include -I/root/autodl-tmp/conda_envs/image_analysis/include/python3.10 -c -c /root/autodl-tmp/Image_Analysis_Workflow/Grounded-Segment-Anything/GroundingDINO/groundingdino/models/GroundingDINO/csrc/MsDeformAttn/ms_deform_attn_cpu.cpp -o /tmp/tmpptaq3rnd.build-temp/root/autodl-tmp/Image_Analysis_Workflow/Grounded-Segment-Anything/GroundingDINO/groundingdino/models/GroundingDINO/csrc/MsDeformAttn/ms_deform_attn_cpu.o -DTORCH_API_INCLUDE_EXTENSION_H -DTORCH_EXTENSION_NAME=_C -std=c++17
  [3/4] /usr/local/cuda-12.8/bin/nvcc -MD -MF /tmp/tmpptaq3rnd.build-temp/root/autodl-tmp/Image_Analysis_Workflow/Grounded-Segment-Anything/GroundingDINO/groundingdino/models/GroundingDINO/csrc/MsDeformAttn/ms_deform_attn_cuda.o.d -DWITH_CUDA -I/root/autodl-tmp/Image_Analysis_Workflow/Grounded-Segment-Anything/GroundingDINO/groundingdino/models/GroundingDINO/csrc -I/root/autodl-tmp/conda_envs/image_analysis/lib/python3.10/site-packages/torch/include -I/root/autodl-tmp/conda_envs/image_analysis/lib/python3.10/site-packages/torch/include/torch/csrc/api/include -I/usr/local/cuda-12.8/include -I/root/autodl-tmp/conda_envs/image_analysis/include/python3.10 -c -c /root/autodl-tmp/Image_Analysis_Workflow/Grounded-Segment-Anything/GroundingDINO/groundingdino/models/GroundingDINO/csrc/MsDeformAttn/ms_deform_attn_cuda.cu -o /tmp/tmpptaq3rnd.build-temp/root/autodl-tmp/Image_Analysis_Workflow/Grounded-Segment-Anything/GroundingDINO/groundingdino/models/GroundingDINO/csrc/MsDeformAttn/ms_deform_attn_cuda.o -D__CUDA_NO_HALF_OPERATORS__ -D__CUDA_NO_HALF_CONVERSIONS__ -D__CUDA_NO_BFLOAT16_CONVERSIONS__ -D__CUDA_NO_HALF2_OPERATORS__ --expt-relaxed-constexpr --compiler-options ''"'"'-fPIC'"'"'' -DCUDA_HAS_FP16=1 -D__CUDA_NO_HALF_OPERATORS__ -D__CUDA_NO_HALF_CONVERSIONS__ -D__CUDA_NO_HALF2_OPERATORS__ -DTORCH_API_INCLUDE_EXTENSION_H -DTORCH_EXTENSION_NAME=_C -gencode=arch=compute_120,code=compute_120 -gencode=arch=compute_120,code=sm_120 -std=c++17
  FAILED: [code=2] /tmp/tmpptaq3rnd.build-temp/root/autodl-tmp/Image_Analysis_Workflow/Grounded-Segment-Anything/GroundingDINO/groundingdino/models/GroundingDINO/csrc/MsDeformAttn/ms_deform_attn_cuda.o
  /usr/local/cuda-12.8/bin/nvcc -MD -MF /tmp/tmpptaq3rnd.build-temp/root/autodl-tmp/Image_Analysis_Workflow/Grounded-Segment-Anything/GroundingDINO/groundingdino/models/GroundingDINO/csrc/MsDeformAttn/ms_deform_attn_cuda.o.d -DWITH_CUDA -I/root/autodl-tmp/Image_Analysis_Workflow/Grounded-Segment-Anything/GroundingDINO/groundingdino/models/GroundingDINO/csrc -I/root/autodl-tmp/conda_envs/image_analysis/lib/python3.10/site-packages/torch/include -I/root/autodl-tmp/conda_envs/image_analysis/lib/python3.10/site-packages/torch/include/torch/csrc/api/include -I/usr/local/cuda-12.8/include -I/root/autodl-tmp/conda_envs/image_analysis/include/python3.10 -c -c /root/autodl-tmp/Image_Analysis_Workflow/Grounded-Segment-Anything/GroundingDINO/groundingdino/models/GroundingDINO/csrc/MsDeformAttn/ms_deform_attn_cuda.cu -o /tmp/tmpptaq3rnd.build-temp/root/autodl-tmp/Image_Analysis_Workflow/Grounded-Segment-Anything/GroundingDINO/groundingdino/models/GroundingDINO/csrc/MsDeformAttn/ms_deform_attn_cuda.o -D__CUDA_NO_HALF_OPERATORS__ -D__CUDA_NO_HALF_CONVERSIONS__ -D__CUDA_NO_BFLOAT16_CONVERSIONS__ -D__CUDA_NO_HALF2_OPERATORS__ --expt-relaxed-constexpr --compiler-options ''"'"'-fPIC'"'"'' -DCUDA_HAS_FP16=1 -D__CUDA_NO_HALF_OPERATORS__ -D__CUDA_NO_HALF_CONVERSIONS__ -D__CUDA_NO_HALF2_OPERATORS__ -DTORCH_API_INCLUDE_EXTENSION_H -DTORCH_EXTENSION_NAME=_C -gencode=arch=compute_120,code=compute_120 -gencode=arch=compute_120,code=sm_120 -std=c++17
  /root/autodl-tmp/Image_Analysis_Workflow/Grounded-Segment-Anything/GroundingDINO/groundingdino/models/GroundingDINO/csrc/MsDeformAttn/ms_deform_attn_cuda.cu(65): error: no suitable conversion function from "const at::DeprecatedTypeProperties" to "c10::ScalarType" exists
            [&] { const auto& the_type = value.type(); constexpr const char* at_dispatch_name = "ms_deform_attn_forward_cuda"; torch::headeronly::ScalarType _st = ::detail::scalar_type(the_type); ;
                                                                                                                                                                                         ^

  /root/autodl-tmp/Image_Analysis_Workflow/Grounded-Segment-Anything/GroundingDINO/groundingdino/models/GroundingDINO/csrc/MsDeformAttn/ms_deform_attn_cuda.cu(135): error: no suitable conversion function from "const at::DeprecatedTypeProperties" to "c10::ScalarType" exists
            [&] { const auto& the_type = value.type(); constexpr const char* at_dispatch_name = "ms_deform_attn_backward_cuda"; torch::headeronly::ScalarType _st = ::detail::scalar_type(the_type); ;
                                                                                                                                                                                          ^

  2 errors detected in the compilation of "/root/autodl-tmp/Image_Analysis_Workflow/Grounded-Segment-Anything/GroundingDINO/groundingdino/models/GroundingDINO/csrc/MsDeformAttn/ms_deform_attn_cuda.cu".
  [4/4] c++ -MMD -MF /tmp/tmpptaq3rnd.build-temp/root/autodl-tmp/Image_Analysis_Workflow/Grounded-Segment-Anything/GroundingDINO/groundingdino/models/GroundingDINO/csrc/vision.o.d -pthread -B /root/autodl-tmp/conda_envs/image_analysis/compiler_compat -Wno-unused-result -Wsign-compare -DNDEBUG -fwrapv -O2 -Wall -fPIC -O2 -isystem /root/autodl-tmp/conda_envs/image_analysis/include -fPIC -O2 -isystem /root/autodl-tmp/conda_envs/image_analysis/include -fPIC -DWITH_CUDA -I/root/autodl-tmp/Image_Analysis_Workflow/Grounded-Segment-Anything/GroundingDINO/groundingdino/models/GroundingDINO/csrc -I/root/autodl-tmp/conda_envs/image_analysis/lib/python3.10/site-packages/torch/include -I/root/autodl-tmp/conda_envs/image_analysis/lib/python3.10/site-packages/torch/include/torch/csrc/api/include -I/usr/local/cuda-12.8/include -I/root/autodl-tmp/conda_envs/image_analysis/include/python3.10 -c -c /root/autodl-tmp/Image_Analysis_Workflow/Grounded-Segment-Anything/GroundingDINO/groundingdino/models/GroundingDINO/csrc/vision.cpp -o /tmp/tmpptaq3rnd.build-temp/root/autodl-tmp/Image_Analysis_Workflow/Grounded-Segment-Anything/GroundingDINO/groundingdino/models/GroundingDINO/csrc/vision.o -DTORCH_API_INCLUDE_EXTENSION_H -DTORCH_EXTENSION_NAME=_C -std=c++17
  In file included from /root/autodl-tmp/Image_Analysis_Workflow/Grounded-Segment-Anything/GroundingDINO/groundingdino/models/GroundingDINO/csrc/vision.cpp:3:
  /root/autodl-tmp/Image_Analysis_Workflow/Grounded-Segment-Anything/GroundingDINO/groundingdino/models/GroundingDINO/csrc/MsDeformAttn/ms_deform_attn.h: In function ‘at::Tensor groundingdino::ms_deform_attn_forward(const at::Tensor&, const at::Tensor&, const at::Tensor&, const at::Tensor&, const at::Tensor&, int)’:
  /root/autodl-tmp/Image_Analysis_Workflow/Grounded-Segment-Anything/GroundingDINO/groundingdino/models/GroundingDINO/csrc/MsDeformAttn/ms_deform_attn.h:30:19: warning: ‘at::DeprecatedTypeProperties& at::Tensor::type() const’ is deprecated: Tensor.type() is deprecated. Instead use Tensor.options(), which in many cases (e.g. in a constructor) is a drop-in replacement. If you were using data from type(), that is now available from Tensor itself, so instead of tensor.type().scalar_type(), use tensor.scalar_type() instead and instead of tensor.type().backend() use tensor.device(). [-Wdeprecated-declarations]
     30 |     if (value.type().is_cuda())
        |         ~~~~~~~~~~^~
  In file included from /root/autodl-tmp/conda_envs/image_analysis/lib/python3.10/site-packages/torch/include/ATen/core/Tensor.h:4,
                   from /root/autodl-tmp/conda_envs/image_analysis/lib/python3.10/site-packages/torch/include/ATen/Tensor.h:4,
                   from /root/autodl-tmp/conda_envs/image_analysis/lib/python3.10/site-packages/torch/include/torch/csrc/autograd/function_hook.h:4,
                   from /root/autodl-tmp/conda_envs/image_analysis/lib/python3.10/site-packages/torch/include/torch/csrc/autograd/cpp_hook.h:3,
                   from /root/autodl-tmp/conda_envs/image_analysis/lib/python3.10/site-packages/torch/include/torch/csrc/autograd/variable.h:7,
                   from /root/autodl-tmp/conda_envs/image_analysis/lib/python3.10/site-packages/torch/include/torch/csrc/autograd/autograd.h:4,
                   from /root/autodl-tmp/conda_envs/image_analysis/lib/python3.10/site-packages/torch/include/torch/csrc/api/include/torch/autograd.h:4,
                   from /root/autodl-tmp/conda_envs/image_analysis/lib/python3.10/site-packages/torch/include/torch/csrc/api/include/torch/all.h:8,
                   from /root/autodl-tmp/conda_envs/image_analysis/lib/python3.10/site-packages/torch/include/torch/extension.h:6,
                   from /root/autodl-tmp/Image_Analysis_Workflow/Grounded-Segment-Anything/GroundingDINO/groundingdino/models/GroundingDINO/csrc/MsDeformAttn/ms_deform_attn_cpu.h:12,
                   from /root/autodl-tmp/Image_Analysis_Workflow/Grounded-Segment-Anything/GroundingDINO/groundingdino/models/GroundingDINO/csrc/MsDeformAttn/ms_deform_attn.h:13,
                   from /root/autodl-tmp/Image_Analysis_Workflow/Grounded-Segment-Anything/GroundingDINO/groundingdino/models/GroundingDINO/csrc/vision.cpp:3:
  /root/autodl-tmp/conda_envs/image_analysis/lib/python3.10/site-packages/torch/include/ATen/core/TensorBody.h:231:30: note: declared here
    231 |   DeprecatedTypeProperties & type() const {
        |                              ^~~~
  In file included from /root/autodl-tmp/Image_Analysis_Workflow/Grounded-Segment-Anything/GroundingDINO/groundingdino/models/GroundingDINO/csrc/vision.cpp:3:
  /root/autodl-tmp/Image_Analysis_Workflow/Grounded-Segment-Anything/GroundingDINO/groundingdino/models/GroundingDINO/csrc/MsDeformAttn/ms_deform_attn.h: In function ‘std::vector<at::Tensor> groundingdino::ms_deform_attn_backward(const at::Tensor&, const at::Tensor&, const at::Tensor&, const at::Tensor&, const at::Tensor&, const at::Tensor&, int)’:
  /root/autodl-tmp/Image_Analysis_Workflow/Grounded-Segment-Anything/GroundingDINO/groundingdino/models/GroundingDINO/csrc/MsDeformAttn/ms_deform_attn.h:52:19: warning: ‘at::DeprecatedTypeProperties& at::Tensor::type() const’ is deprecated: Tensor.type() is deprecated. Instead use Tensor.options(), which in many cases (e.g. in a constructor) is a drop-in replacement. If you were using data from type(), that is now available from Tensor itself, so instead of tensor.type().scalar_type(), use tensor.scalar_type() instead and instead of tensor.type().backend() use tensor.device(). [-Wdeprecated-declarations]
     52 |     if (value.type().is_cuda())
        |         ~~~~~~~~~~^~
  In file included from /root/autodl-tmp/conda_envs/image_analysis/lib/python3.10/site-packages/torch/include/ATen/core/Tensor.h:4,
                   from /root/autodl-tmp/conda_envs/image_analysis/lib/python3.10/site-packages/torch/include/ATen/Tensor.h:4,
                   from /root/autodl-tmp/conda_envs/image_analysis/lib/python3.10/site-packages/torch/include/torch/csrc/autograd/function_hook.h:4,
                   from /root/autodl-tmp/conda_envs/image_analysis/lib/python3.10/site-packages/torch/include/torch/csrc/autograd/cpp_hook.h:3,
                   from /root/autodl-tmp/conda_envs/image_analysis/lib/python3.10/site-packages/torch/include/torch/csrc/autograd/variable.h:7,
                   from /root/autodl-tmp/conda_envs/image_analysis/lib/python3.10/site-packages/torch/include/torch/csrc/autograd/autograd.h:4,
                   from /root/autodl-tmp/conda_envs/image_analysis/lib/python3.10/site-packages/torch/include/torch/csrc/api/include/torch/autograd.h:4,
                   from /root/autodl-tmp/conda_envs/image_analysis/lib/python3.10/site-packages/torch/include/torch/csrc/api/include/torch/all.h:8,
                   from /root/autodl-tmp/conda_envs/image_analysis/lib/python3.10/site-packages/torch/include/torch/extension.h:6,
                   from /root/autodl-tmp/Image_Analysis_Workflow/Grounded-Segment-Anything/GroundingDINO/groundingdino/models/GroundingDINO/csrc/MsDeformAttn/ms_deform_attn_cpu.h:12,
                   from /root/autodl-tmp/Image_Analysis_Workflow/Grounded-Segment-Anything/GroundingDINO/groundingdino/models/GroundingDINO/csrc/MsDeformAttn/ms_deform_attn.h:13,
                   from /root/autodl-tmp/Image_Analysis_Workflow/Grounded-Segment-Anything/GroundingDINO/groundingdino/models/GroundingDINO/csrc/vision.cpp:3:
  /root/autodl-tmp/conda_envs/image_analysis/lib/python3.10/site-packages/torch/include/ATen/core/TensorBody.h:231:30: note: declared here
    231 |   DeprecatedTypeProperties & type() const {
        |                              ^~~~
  ninja: build stopped: subcommand failed.
  Traceback (most recent call last):
    File "/root/autodl-tmp/conda_envs/image_analysis/lib/python3.10/site-packages/torch/utils/cpp_extension.py", line 2774, in _run_ninja_build
      subprocess.run(
    File "/root/autodl-tmp/conda_envs/image_analysis/lib/python3.10/subprocess.py", line 526, in run
      raise CalledProcessError(retcode, process.args,
  subprocess.CalledProcessError: Command '['ninja', '-v']' returned non-zero exit status 2.

  The above exception was the direct cause of the following exception:

  Traceback (most recent call last):
    File "/root/autodl-tmp/conda_envs/image_analysis/lib/python3.10/site-packages/setuptools/command/editable_wheel.py", line 139, in run
      self._create_wheel_file(bdist_wheel)
    File "/root/autodl-tmp/conda_envs/image_analysis/lib/python3.10/site-packages/setuptools/command/editable_wheel.py", line 340, in _create_wheel_file
      files, mapping = self._run_build_commands(dist_name, unpacked, lib, tmp)
    File "/root/autodl-tmp/conda_envs/image_analysis/lib/python3.10/site-packages/setuptools/command/editable_wheel.py", line 263, in _run_build_commands
      self._run_build_subcommands()
    File "/root/autodl-tmp/conda_envs/image_analysis/lib/python3.10/site-packages/setuptools/command/editable_wheel.py", line 290, in _run_build_subcommands
      self.run_command(name)
    File "/root/autodl-tmp/conda_envs/image_analysis/lib/python3.10/site-packages/setuptools/_distutils/cmd.py", line 339, in run_command
      self.distribution.run_command(command)
    File "/root/autodl-tmp/conda_envs/image_analysis/lib/python3.10/site-packages/setuptools/dist.py", line 999, in run_command
      super().run_command(command)
    File "/root/autodl-tmp/conda_envs/image_analysis/lib/python3.10/site-packages/setuptools/_distutils/dist.py", line 1002, in run_command
      cmd_obj.run()
    File "/root/autodl-tmp/conda_envs/image_analysis/lib/python3.10/site-packages/setuptools/command/build_ext.py", line 99, in run
      _build_ext.run(self)
    File "/root/autodl-tmp/conda_envs/image_analysis/lib/python3.10/site-packages/setuptools/_distutils/command/build_ext.py", line 365, in run
      self.build_extensions()
    File "/root/autodl-tmp/conda_envs/image_analysis/lib/python3.10/site-packages/torch/utils/cpp_extension.py", line 1184, in build_extensions
      build_ext.build_extensions(self)
    File "/root/autodl-tmp/conda_envs/image_analysis/lib/python3.10/site-packages/setuptools/_distutils/command/build_ext.py", line 481, in build_extensions
      self._build_extensions_serial()
    File "/root/autodl-tmp/conda_envs/image_analysis/lib/python3.10/site-packages/setuptools/_distutils/command/build_ext.py", line 507, in _build_extensions_serial
      self.build_extension(ext)
    File "/root/autodl-tmp/conda_envs/image_analysis/lib/python3.10/site-packages/setuptools/command/build_ext.py", line 264, in build_extension
      _build_ext.build_extension(self, ext)
    File "/root/autodl-tmp/conda_envs/image_analysis/lib/python3.10/site-packages/setuptools/_distutils/command/build_ext.py", line 562, in build_extension
      objects = self.compiler.compile(
    File "/root/autodl-tmp/conda_envs/image_analysis/lib/python3.10/site-packages/torch/utils/cpp_extension.py", line 924, in unix_wrap_ninja_compile
      _write_ninja_file_and_compile_objects(
    File "/root/autodl-tmp/conda_envs/image_analysis/lib/python3.10/site-packages/torch/utils/cpp_extension.py", line 2361, in _write_ninja_file_and_compile_objects
      _run_ninja_build(
    File "/root/autodl-tmp/conda_envs/image_analysis/lib/python3.10/site-packages/torch/utils/cpp_extension.py", line 2791, in _run_ninja_build
      raise RuntimeError(message) from e
  RuntimeError: Error compiling objects for extension
  /root/autodl-tmp/conda_envs/image_analysis/lib/python3.10/site-packages/setuptools/_distutils/dist.py:1002: _DebuggingTips: Problem in editable installation.
  !!

          ********************************************************************************
          An error happened while installing `groundingdino` in editable mode.

          The following steps are recommended to help debug this problem:

          - Try to install the project normally, without using the editable mode.
            Does the error still persist?
            (If it does, try fixing the problem before attempting the editable mode).
          - If you are using binary extensions, make sure you have all OS-level
            dependencies installed (e.g. compilers, toolchains, binary libraries, ...).
          - Try the latest version of setuptools (maybe the error was already fixed).
          - If you (or your project dependencies) are using any setuptools extension
            or customization, make sure they support the editable mode.

          After following the steps above, if the problem still persists and
          you think this is related to how setuptools handles editable installations,
          please submit a reproducible example
          (see https://stackoverflow.com/help/minimal-reproducible-example) to:

              https://github.com/pypa/setuptools/issues

          See https://setuptools.pypa.io/en/latest/userguide/development_mode.html for details.
          ********************************************************************************

  !!
    cmd_obj.run()
  Traceback (most recent call last):
    File "/root/autodl-tmp/conda_envs/image_analysis/lib/python3.10/site-packages/torch/utils/cpp_extension.py", line 2774, in _run_ninja_build
      subprocess.run(
    File "/root/autodl-tmp/conda_envs/image_analysis/lib/python3.10/subprocess.py", line 526, in run
      raise CalledProcessError(retcode, process.args,
  subprocess.CalledProcessError: Command '['ninja', '-v']' returned non-zero exit status 2.

  The above exception was the direct cause of the following exception:

  Traceback (most recent call last):
    File "/root/autodl-tmp/conda_envs/image_analysis/lib/python3.10/site-packages/pip/_vendor/pyproject_hooks/_in_process/_in_process.py", line 389, in <module>
      main()
    File "/root/autodl-tmp/conda_envs/image_analysis/lib/python3.10/site-packages/pip/_vendor/pyproject_hooks/_in_process/_in_process.py", line 373, in main
      json_out["return_val"] = hook(**hook_input["kwargs"])
    File "/root/autodl-tmp/conda_envs/image_analysis/lib/python3.10/site-packages/pip/_vendor/pyproject_hooks/_in_process/_in_process.py", line 303, in build_editable
      return hook(wheel_directory, config_settings, metadata_directory)
    File "/root/autodl-tmp/conda_envs/image_analysis/lib/python3.10/site-packages/setuptools/build_meta.py", line 476, in build_editable
      return self._build_with_temp_dir(
    File "/root/autodl-tmp/conda_envs/image_analysis/lib/python3.10/site-packages/setuptools/build_meta.py", line 407, in _build_with_temp_dir
      self.run_setup()
    File "/root/autodl-tmp/conda_envs/image_analysis/lib/python3.10/site-packages/setuptools/build_meta.py", line 320, in run_setup
      exec(code, locals())
    File "<string>", line 200, in <module>
    File "/root/autodl-tmp/conda_envs/image_analysis/lib/python3.10/site-packages/setuptools/__init__.py", line 117, in setup
      return distutils.core.setup(**attrs)
    File "/root/autodl-tmp/conda_envs/image_analysis/lib/python3.10/site-packages/setuptools/_distutils/core.py", line 186, in setup
      return run_commands(dist)
    File "/root/autodl-tmp/conda_envs/image_analysis/lib/python3.10/site-packages/setuptools/_distutils/core.py", line 202, in run_commands
      dist.run_commands()
    File "/root/autodl-tmp/conda_envs/image_analysis/lib/python3.10/site-packages/setuptools/_distutils/dist.py", line 983, in run_commands
      self.run_command(cmd)
    File "/root/autodl-tmp/conda_envs/image_analysis/lib/python3.10/site-packages/setuptools/dist.py", line 999, in run_command
      super().run_command(command)
    File "/root/autodl-tmp/conda_envs/image_analysis/lib/python3.10/site-packages/setuptools/_distutils/dist.py", line 1002, in run_command
      cmd_obj.run()
    File "/root/autodl-tmp/conda_envs/image_analysis/lib/python3.10/site-packages/setuptools/command/editable_wheel.py", line 139, in run
      self._create_wheel_file(bdist_wheel)
    File "/root/autodl-tmp/conda_envs/image_analysis/lib/python3.10/site-packages/setuptools/command/editable_wheel.py", line 340, in _create_wheel_file
      files, mapping = self._run_build_commands(dist_name, unpacked, lib, tmp)
    File "/root/autodl-tmp/conda_envs/image_analysis/lib/python3.10/site-packages/setuptools/command/editable_wheel.py", line 263, in _run_build_commands
      self._run_build_subcommands()
    File "/root/autodl-tmp/conda_envs/image_analysis/lib/python3.10/site-packages/setuptools/command/editable_wheel.py", line 290, in _run_build_subcommands
      self.run_command(name)
    File "/root/autodl-tmp/conda_envs/image_analysis/lib/python3.10/site-packages/setuptools/_distutils/cmd.py", line 339, in run_command
      self.distribution.run_command(command)
    File "/root/autodl-tmp/conda_envs/image_analysis/lib/python3.10/site-packages/setuptools/dist.py", line 999, in run_command
      super().run_command(command)
    File "/root/autodl-tmp/conda_envs/image_analysis/lib/python3.10/site-packages/setuptools/_distutils/dist.py", line 1002, in run_command
      cmd_obj.run()
    File "/root/autodl-tmp/conda_envs/image_analysis/lib/python3.10/site-packages/setuptools/command/build_ext.py", line 99, in run
      _build_ext.run(self)
    File "/root/autodl-tmp/conda_envs/image_analysis/lib/python3.10/site-packages/setuptools/_distutils/command/build_ext.py", line 365, in run
      self.build_extensions()
    File "/root/autodl-tmp/conda_envs/image_analysis/lib/python3.10/site-packages/torch/utils/cpp_extension.py", line 1184, in build_extensions
      build_ext.build_extensions(self)
    File "/root/autodl-tmp/conda_envs/image_analysis/lib/python3.10/site-packages/setuptools/_distutils/command/build_ext.py", line 481, in build_extensions
      self._build_extensions_serial()
    File "/root/autodl-tmp/conda_envs/image_analysis/lib/python3.10/site-packages/setuptools/_distutils/command/build_ext.py", line 507, in _build_extensions_serial
      self.build_extension(ext)
    File "/root/autodl-tmp/conda_envs/image_analysis/lib/python3.10/site-packages/setuptools/command/build_ext.py", line 264, in build_extension
      _build_ext.build_extension(self, ext)
    File "/root/autodl-tmp/conda_envs/image_analysis/lib/python3.10/site-packages/setuptools/_distutils/command/build_ext.py", line 562, in build_extension
      objects = self.compiler.compile(
    File "/root/autodl-tmp/conda_envs/image_analysis/lib/python3.10/site-packages/torch/utils/cpp_extension.py", line 924, in unix_wrap_ninja_compile
      _write_ninja_file_and_compile_objects(
    File "/root/autodl-tmp/conda_envs/image_analysis/lib/python3.10/site-packages/torch/utils/cpp_extension.py", line 2361, in _write_ninja_file_and_compile_objects
      _run_ninja_build(
    File "/root/autodl-tmp/conda_envs/image_analysis/lib/python3.10/site-packages/torch/utils/cpp_extension.py", line 2791, in _run_ninja_build
      raise RuntimeError(message) from e
  RuntimeError: Error compiling objects for extension
  error: subprocess-exited-with-error
  
  × Building editable for groundingdino (pyproject.toml) did not run successfully.
  │ exit code: 1
  ╰─> No available output.
  
  note: This error originates from a subprocess, and is likely not a problem with pip.
  full command: /root/autodl-tmp/conda_envs/image_analysis/bin/python /root/autodl-tmp/conda_envs/image_analysis/lib/python3.10/site-packages/pip/_vendor/pyproject_hooks/_in_process/_in_process.py build_editable /tmp/tmpqtbfyamo
  cwd: /root/autodl-tmp/Image_Analysis_Workflow/Grounded-Segment-Anything/GroundingDINO
  Building editable for groundingdino (pyproject.toml): finished with status 'error'
  ERROR: Failed building editable for groundingdino
Failed to build groundingdino
error: failed-wheel-build-for-install

× Failed to build installable wheels for some pyproject.toml based projects
╰─> groundingdino
